error: any use of this value will cause an error
  --> $DIR/dangling-alloc-id-ice.rs:8:1
   |
LL | / const FOO: &() = {
LL | |     let y = ();
LL | |     unsafe { Foo { y: &y }.long_live_the_unit }
LL | | };
   | |  ^ encountered dangling pointer in final constant
   | |__|
   | 
   |
   = note: `#[deny(const_err)]` on by default

error: aborting due to previous error

