error[E0310]: the parameter type `T` may not live long enough
  --> $DIR/type_parameters_captured.rs:7:20
   |
LL | fn foo<T>(x: T) -> impl Any + 'static {
   |                    ^^^^^^^^^^^^^^^^^^ ...so that the type `T` will meet its required lifetime bounds
   |
help: consider adding an explicit lifetime bound...
   |
LL | fn foo<T: 'static>(x: T) -> impl Any + 'static {
   |         +++++++++

error[E0310]: the parameter type `T` may not live long enough
  --> $DIR/type_parameters_captured.rs:7:39
   |
LL |   fn foo<T>(x: T) -> impl Any + 'static {
   |  _______________________________________^
LL | |
LL | |
LL | |     x
LL | | }
   | |_^ ...so that the type `T` will meet its required lifetime bounds
   |
help: consider adding an explicit lifetime bound...
   |
LL | fn foo<T: 'static>(x: T) -> impl Any + 'static {
   |         +++++++++

error: aborting due to 2 previous errors

For more information about this error, try `rustc --explain E0310`.
