warning: label name `'x` shadows a label name that is already in scope
  --> $DIR/hygienic-labels.rs:44:5
   |
LL |     'x: for _ in 0..1 {
   |     -- first declared here
...
LL |     'x: loop {
   |     ^^ label `'x` already in scope

warning: label name `'x` shadows a label name that is already in scope
  --> $DIR/hygienic-labels.rs:52:5
   |
LL |     'x: for _ in 0..1 {
   |     -- first declared here
...
LL |     'x: while 1 + 1 == 2 {
   |     ^^ label `'x` already in scope

warning: label name `'x` shadows a label name that is already in scope
  --> $DIR/hygienic-labels.rs:59:5
   |
LL |     'x: for _ in 0..1 {
   |     -- first declared here
...
LL |     'x: for _ in 0..1 {
   |     ^^ label `'x` already in scope

warning: 3 warnings emitted

