warning: label name `'x` shadows a label name that is already in scope
  --> $DIR/hygienic-labels-in-let.rs:54:9
   |
LL |         'x: loop {
   |         -- first declared here
...
LL |         'x: for _ in 0..1 {
   |         ^^ label `'x` already in scope

warning: label name `'x` shadows a label name that is already in scope
  --> $DIR/hygienic-labels-in-let.rs:65:9
   |
LL |         'x: loop {
   |         -- first declared here
...
LL |         'x: for _ in 0..1 {
   |         ^^ label `'x` already in scope

warning: label name `'x` shadows a label name that is already in scope
  --> $DIR/hygienic-labels-in-let.rs:76:9
   |
LL |         'x: loop {
   |         -- first declared here
...
LL |         'x: for _ in 0..1 {
   |         ^^ label `'x` already in scope

warning: 3 warnings emitted

