error[E0261]: use of undeclared lifetime name `'a`
  --> $DIR/where-lifetime-resolution.rs:6:38
   |
LL |     (dyn for<'a> Trait1<'a>): Trait1<'a>,
   |                                      ^^ undeclared lifetime
   |
   = note: for more information on higher-ranked polymorphism, visit https://doc.rust-lang.org/nomicon/hrtb.html
   = note: for more information on higher-ranked polymorphism, visit https://doc.rust-lang.org/nomicon/hrtb.html
   = help: if you want to experiment with in-band lifetime bindings, add `#![feature(in_band_lifetimes)]` to the crate attributes
help: consider introducing lifetime `'a` here
   |
LL | fn f<'a>() where
   |     ++++
help: consider making the bound lifetime-generic with a new `'a` lifetime
   |
LL |     for<'a> (dyn for<'a> Trait1<'a>): Trait1<'a>,
   |     +++++++
help: consider making the bound lifetime-generic with a new `'a` lifetime
   |
LL |     (dyn for<'a> Trait1<'a>): for<'a> Trait1<'a>,
   |                               +++++++

error[E0261]: use of undeclared lifetime name `'b`
  --> $DIR/where-lifetime-resolution.rs:8:52
   |
LL |     for<'a> dyn for<'b> Trait2<'a, 'b>: Trait2<'a, 'b>,
   |                                                    ^^ undeclared lifetime
   |
   = note: for more information on higher-ranked polymorphism, visit https://doc.rust-lang.org/nomicon/hrtb.html
   = note: for more information on higher-ranked polymorphism, visit https://doc.rust-lang.org/nomicon/hrtb.html
   = help: if you want to experiment with in-band lifetime bindings, add `#![feature(in_band_lifetimes)]` to the crate attributes
help: consider introducing lifetime `'b` here
   |
LL | fn f<'b>() where
   |     ++++
help: consider making the bound lifetime-generic with a new `'b` lifetime
   |
LL |     for<'afor<'b> > dyn for<'b> Trait2<'a, 'b>: Trait2<'a, 'b>,
   |           +++++++
help: consider making the bound lifetime-generic with a new `'b` lifetime
   |
LL |     for<'a> dyn for<'b> Trait2<'a, 'b>: for<'b> Trait2<'a, 'b>,
   |                                         +++++++

error: aborting due to 2 previous errors

For more information about this error, try `rustc --explain E0261`.
