error[E0262]: invalid lifetime parameter name: `'static`
  --> $DIR/regions-name-static.rs:1:12
   |
LL | struct Foo<'static> {
   |            ^^^^^^^ 'static is a reserved lifetime name

error[E0392]: parameter `'static` is never used
  --> $DIR/regions-name-static.rs:1:12
   |
LL | struct Foo<'static> {
   |            ^^^^^^^ unused parameter
   |
   = help: consider removing `'static`, referring to it in a field, or using a marker such as `PhantomData`

error: aborting due to 2 previous errors

Some errors have detailed explanations: E0262, E0392.
For more information about an error, try `rustc --explain E0262`.
